Microchip MPLAB XC8 Compiler V2.35

Linker command line:

-W-3 --edf=C:\Program Files\Microchip\xc8\v2.35\pic\dat\en_msgs.txt -cn \
  -h+dist/default/production\digi2_proyecto1_alv-dar.X.production.sym \
  --cmf=dist/default/production\digi2_proyecto1_alv-dar.X.production.cmf -z \
  -Q16F887 -oC:\Users\luisg\AppData\Local\Temp\xcAsc3k.4 \
  --defsym=__MPLAB_BUILD=1 \
  -Mdist/default/production/digi2_proyecto1_alv-dar.X.production.map \
  --md=C:\Users\luisg\AppData\Local\Temp\xcAsc3k.dat -E1 -ver=XC8 Compiler \
  --acfsm=1493 -ACODE=00h-07FFhx4 -ASTRCODE=00h-01FFFh -ASTRING=00h-0FFhx32 \
  -ACONST=00h-0FFhx32 -AENTRY=00h-0FFhx32 -ACOMMON=070h-07Fh \
  -ABANK0=020h-06Fh -ABANK1=0A0h-0EFh -ABANK2=0110h-016Fh \
  -ABANK3=0190h-01EFh -ARAM=020h-06Fh,0A0h-0EFh,0110h-016Fh,0190h-01EFh \
  -AABS1=020h-07Fh,0A0h-0EFh,0110h-016Fh,0190h-01EFh -ASFR0=00h-01Fh \
  -ASFR1=080h-09Fh -ASFR2=0100h-010Fh -ASFR3=0180h-018Fh \
  -ACONFIG=02007h-02008h -DCONFIG=2 -AIDLOC=02000h-02003h -DIDLOC=2 \
  -AEEDATA=00h-0FFh/02100h -peeprom_data=EEDATA -DEEDATA=2 -DCODE=2 \
  -DSTRCODE=2 -DSTRING=2 -DCONST=2 -DENTRY=2 \
  -preset_vec=00h,intentry=04h,init,end_init -ppowerup=CODE -pcinit=CODE \
  -pfunctab=ENTRY -k C:\Users\luisg\AppData\Local\Temp\xcAsc3k.o \
  dist/default/production\digi2_proyecto1_alv-dar.X.production.o 

Object code version is 3.11

Machine type is 16F887



                Name                               Link     Load   Length Selector   Space Scale
C:\Users\luisg\AppData\Local\Temp\xcAsc3k.o
                end_init                              C        C        3        8       0
                reset_vec                             0        0        3        0       0
                config                             2007     2007        2        0       4
                idloc                              2000     2000        4        0       5
dist/default/production\digi2_proyecto1_alv-dar.X.production.o
                cinit                                 F        F       1F        8       0
                intentry                              4        4        8        8       0
                config                             2007     2007        2        0       4
                idloc                              2000     2000        4        0       5
                text8                               22E      22E        6        8       0
                text7                                2E       2E       8E        8       0
                text6                               16E      16E       3D        8       0
                text5                                BC       BC       69        8       0
                text4                               1D7      1D7       2C        8       0
                text3                               1AB      1AB       2C        8       0
                text2                               21D      21D       11        8       0
                text1                               203      203       1A        8       0
                maintext                            125      125       49        8       0
                cstackBANK0                          20       20        4       20       1
                cstackCOMMON                         76       76        4       70       1
                dataBANK0                            27       27        2       20       1
                bssBANK0                             24       24        3       20       1
                dataCOMMON                           7A       7A        1       70       1
                bssCOMMON                            70       70        6       70       1
                idataBANK0                          234      234        2        8       0
                idataCOMMON                         236      236        1        8       0

TOTAL           Name                               Link     Load   Length     Space
        CLASS   CODE           
                end_init                              C        C        3         0
                cinit                                 F        F       1F         0
                intentry                              4        4        8         0
                reset_vec                             0        0        3         0
                text8                               22E      22E        6         0
                text7                                2E       2E       8E         0
                text6                               16E      16E       3D         0
                text5                                BC       BC       69         0
                text4                               1D7      1D7       2C         0
                text3                               1AB      1AB       2C         0
                text2                               21D      21D       11         0
                text1                               203      203       1A         0
                maintext                            125      125       49         0
                idataBANK0                          234      234        2         0
                idataCOMMON                         236      236        1         0

        CLASS   STRCODE        

        CLASS   STRING         

        CLASS   CONST          

        CLASS   ENTRY          

        CLASS   COMMON         
                cstackCOMMON                         76       76        4         1
                dataCOMMON                           7A       7A        1         1
                bssCOMMON                            70       70        6         1

        CLASS   BANK0          
                cstackBANK0                          20       20        4         1
                dataBANK0                            27       27        2         1
                bssBANK0                             24       24        3         1

        CLASS   BANK1          

        CLASS   BANK2          

        CLASS   BANK3          

        CLASS   RAM            

        CLASS   ABS1           
                abs_s1                               7E       7E        2         1

        CLASS   SFR0           

        CLASS   SFR1           

        CLASS   SFR2           

        CLASS   SFR3           

        CLASS   CONFIG         
                config                             2007     2007        2         4

        CLASS   IDLOC          
                idloc                              2000     2000        4         5

        CLASS   EEDATA         

        CLASS   STACK          



SEGMENTS        Name                           Load    Length   Top    Selector   Space  Class     Delta

                reset_vec                      000000  000003  000003         0       0  CODE        2
                intentry                       000004  000233  000237         8       0  CODE        2
                cstackBANK0                    000020  000009  000029        20       1  BANK0       1
                bssCOMMON                      000070  00000B  00007B        70       1  COMMON      1


UNUSED ADDRESS RANGES

        Name                Unused          Largest block    Delta
        BANK0            0029-006F             47           1
        BANK1            00A0-00EF             50           1
        BANK2            0110-016F             60           1
        BANK3            0190-01EF             60           1
        CODE             0003-0003              1           2
                         0237-1FFF            800
        COMMON           007B-007D              3           1
        CONST            0003-0003              1           2
                         0237-1FFF            100
        EEDATA           2100-21FF            100           2
        ENTRY            0003-0003              1           2
                         0237-1FFF            100
        RAM              0029-006F             47           1
                         00A0-00EF             50
                         0110-016F             60
                         0190-01EF             60
        SFR0             0000-001F             20           1
        SFR1             0080-009F             20           1
        SFR2             0100-010F             10           1
        SFR3             0180-018F             10           1
        STRCODE          0003-0003              1           2
                         0237-1FFF           1DC9
        STRING           0003-0003              1           2
                         0237-1FFF            100

                                  Symbol Table

_ANSEL                     (abs)        0188
_ANSELH                    (abs)        0189
_BAUDCTLbits               (abs)        0187
_HS_flag                   bssCOMMON    0073
_INTCONbits                (abs)        000B
_OPTION_REGbits            (abs)        0081
_OSCCONbits                (abs)        008F
_PIE1bits                  (abs)        008C
_PIR1bits                  (abs)        000C
_PORTA                     (abs)        0005
_PORTB                     (abs)        0006
_PORTBbits                 (abs)        0006
_PORTD                     (abs)        0008
_PORTDbits                 (abs)        0008
_RB3                       (abs)        0033
_RB4                       (abs)        0034
_RB5                       (abs)        0035
_RB6                       (abs)        0036
_RB7                       (abs)        0037
_RCIF                      (abs)        0065
_RCREG                     (abs)        001A
_RCSTAbits                 (abs)        0018
_RD2                       (abs)        0042
_SPBRG                     (abs)        0099
_SPBRGH                    (abs)        009A
_T0IF                      (abs)        005A
_TMR0                      (abs)        0001
_TRISA                     (abs)        0085
_TRISB                     (abs)        0086
_TRISD                     (abs)        0088
_TXREG                     (abs)        0019
_TXSTAbits                 (abs)        0098
__Habs1                    abs1         0000
__Hbank0                   bank0        0000
__Hbank1                   bank1        0000
__Hbank2                   bank2        0000
__Hbank3                   bank3        0000
__HbssBANK0                bssBANK0     0000
__HbssCOMMON               bssCOMMON    0000
__Hcinit                   cinit        002E
__Hclrtext                 clrtext      0000
__Hcode                    code         0000
__Hcommon                  common       0000
__Hconfig                  config       2009
__HcstackBANK0             cstackBANK0  0000
__HcstackCOMMON            cstackCOMMON 0000
__HdataBANK0               dataBANK0    0000
__HdataCOMMON              dataCOMMON   0000
__Heeprom_data             eeprom_data  0000
__Hend_init                end_init     000F
__Hfunctab                 functab      0000
__HidataBANK0              idataBANK0   0000
__HidataCOMMON             idataCOMMON  0000
__Hidloc                   idloc        2004
__Hinit                    init         000C
__Hintentry                intentry     000C
__Hmaintext                maintext     0000
__Hpowerup                 powerup      0000
__Hram                     ram          0000
__Hreset_vec               reset_vec    0003
__Hsfr0                    sfr0         0000
__Hsfr1                    sfr1         0000
__Hsfr2                    sfr2         0000
__Hsfr3                    sfr3         0000
__Hspace_0                 (abs)        0237
__Hspace_1                 (abs)        007B
__Hspace_2                 (abs)        0000
__Hspace_3                 (abs)        0000
__Hspace_4                 (abs)        4010
__Hstack                   stack        0000
__Hstrings                 strings      0000
__Htext                    text         0000
__Labs1                    abs1         0000
__Lbank0                   bank0        0000
__Lbank1                   bank1        0000
__Lbank2                   bank2        0000
__Lbank3                   bank3        0000
__LbssBANK0                bssBANK0     0000
__LbssCOMMON               bssCOMMON    0000
__Lcinit                   cinit        000F
__Lclrtext                 clrtext      0000
__Lcode                    code         0000
__Lcommon                  common       0000
__Lconfig                  config       0000
__LcstackBANK0             cstackBANK0  0000
__LcstackCOMMON            cstackCOMMON 0000
__LdataBANK0               dataBANK0    0000
__LdataCOMMON              dataCOMMON   0000
__Leeprom_data             eeprom_data  0000
__Lend_init                end_init     000C
__Lfunctab                 functab      0000
__LidataBANK0              idataBANK0   0000
__LidataCOMMON             idataCOMMON  0000
__Lidloc                   idloc        0000
__Linit                    init         000C
__Lintentry                intentry     0004
__Lmaintext                maintext     0000
__Lpowerup                 powerup      0000
__Lram                     ram          0000
__Lreset_vec               reset_vec    0000
__Lsfr0                    sfr0         0000
__Lsfr1                    sfr1         0000
__Lsfr2                    sfr2         0000
__Lsfr3                    sfr3         0000
__Lspace_0                 (abs)        0000
__Lspace_1                 (abs)        0000
__Lspace_2                 (abs)        0000
__Lspace_3                 (abs)        0000
__Lspace_4                 (abs)        0000
__Lstack                   stack        0000
__Lstrings                 strings      0000
__Ltext                    text         0000
__S0                       (abs)        0237
__S1                       (abs)        007B
__S3                       (abs)        0000
___int_sp                  stack        0000
___latbits                 (abs)        0002
___sp                      stack        0000
___stackhi                 (abs)        0000
___stacklo                 (abs)        0000
__end_of__initialization   cinit        002A
__end_of_initOscFreq       text6        01AB
__end_of_initTmr0          text5        0125
__end_of_isr               text7        00BC
__end_of_main              maintext     016E
__end_of_servoRotate0      text4        0203
__end_of_servoRotate180    text3        01D7
__end_of_setup             text2        022E
__end_of_tmr0Reset         text8        0234
__end_of_usartInitTransmit text1        021D
__initialization           cinit        000F
__pbssBANK0                bssBANK0     0024
__pbssCOMMON               bssCOMMON    0070
__pcstackBANK0             cstackBANK0  0020
__pcstackCOMMON            cstackCOMMON 0076
__pdataBANK0               dataBANK0    0027
__pdataCOMMON              dataCOMMON   007A
__pidataBANK0              idataBANK0   0234
__pidataCOMMON             idataCOMMON  0236
__pintentry                intentry     0004
__pmaintext                maintext     0125
__ptext1                   text1        0203
__ptext2                   text2        021D
__ptext3                   text3        01AB
__ptext4                   text4        01D7
__ptext5                   text5        00BC
__ptext6                   text6        016E
__ptext7                   text7        002E
__ptext8                   text8        022E
_cont                      bssCOMMON    0075
_flagdc                    bssCOMMON    0070
_frerr                     bssBANK0     0025
_initOscFreq               text6        016E
_initTmr0                  text5        00BC
_isr                       text7        002E
_main                      maintext     0125
_overr                     bssBANK0     0024
_sensor_flag               bssCOMMON    0072
_servoRotate0              text4        01D7
_servoRotate180            text3        01AB
_setup                     text2        021D
_spst_flag                 bssCOMMON    0071
_tmr0Reset                 text8        022E
_usartInitTransmit         text1        0203
btemp                      (abs)        007E
end_of_initialization      cinit        002A
initOscFreq@freq           cstackCOMMON 0079
initTmr0@prescaler         cstackBANK0  0020
interrupt_function         intentry     0004
intlevel0                  functab      0000
intlevel1                  functab      0000
intlevel2                  functab      0000
intlevel3                  functab      0000
intlevel4                  functab      0000
intlevel5                  functab      0000
reset_vec                  reset_vec    0000
saved_w                    (abs)        007E
servoRotate0@i             cstackBANK0  0022
servoRotate180@i           cstackBANK0  0022
start                      init         000C
start_initialization       cinit        000F
wtemp0                     (abs)        007E


MODULE INFORMATION

Module		Function		Class		Link	Load	Size
osc_config.c
		_initOscFreq   		CODE           	016E	0000	61

osc_config.c estimated size: 61

USART.c
		_usartInitTransmit		CODE           	0203	0000	26

USART.c estimated size: 26

proyecto-main.c
		_servoRotate0  		CODE           	01D7	0000	44
		_main          		CODE           	0125	0000	73
		_servoRotate180		CODE           	01AB	0000	44
		_isr           		CODE           	002E	0000	142
		_setup         		CODE           	021D	0000	17

proyecto-main.c estimated size: 320

tmr0_config.c
		_initTmr0      		CODE           	00BC	0000	105
		_tmr0Reset     		CODE           	022E	0000	6

tmr0_config.c estimated size: 111

shared
		__initialization		CODE           	000F	0000	27

shared estimated size: 27

