Microchip MPLAB XC8 Compiler V2.35

Linker command line:

-W-3 --edf=C:\Program Files\Microchip\xc8\v2.35\pic\dat\en_msgs.txt -cn \
  -h+dist/default/production\digi2_proyecto1_alv-dar.X.production.sym \
  --cmf=dist/default/production\digi2_proyecto1_alv-dar.X.production.cmf -z \
  -Q16F887 -oC:\Users\luisg\AppData\Local\Temp\xcAsf6s.4 \
  --defsym=__MPLAB_BUILD=1 \
  -Mdist/default/production/digi2_proyecto1_alv-dar.X.production.map \
  --md=C:\Users\luisg\AppData\Local\Temp\xcAsf6s.dat -E1 -ver=XC8 Compiler \
  --acfsm=1493 -ACODE=00h-07FFhx4 -ASTRCODE=00h-01FFFh -ASTRING=00h-0FFhx32 \
  -ACONST=00h-0FFhx32 -AENTRY=00h-0FFhx32 -ACOMMON=070h-07Fh \
  -ABANK0=020h-06Fh -ABANK1=0A0h-0EFh -ABANK2=0110h-016Fh \
  -ABANK3=0190h-01EFh -ARAM=020h-06Fh,0A0h-0EFh,0110h-016Fh,0190h-01EFh \
  -AABS1=020h-07Fh,0A0h-0EFh,0110h-016Fh,0190h-01EFh -ASFR0=00h-01Fh \
  -ASFR1=080h-09Fh -ASFR2=0100h-010Fh -ASFR3=0180h-018Fh \
  -ACONFIG=02007h-02008h -DCONFIG=2 -AIDLOC=02000h-02003h -DIDLOC=2 \
  -AEEDATA=00h-0FFh/02100h -peeprom_data=EEDATA -DEEDATA=2 -DCODE=2 \
  -DSTRCODE=2 -DSTRING=2 -DCONST=2 -DENTRY=2 \
  -preset_vec=00h,intentry=04h,init,end_init -ppowerup=CODE -pcinit=CODE \
  -pfunctab=ENTRY -k C:\Users\luisg\AppData\Local\Temp\xcAsf6s.o \
  dist/default/production\digi2_proyecto1_alv-dar.X.production.o 

Object code version is 3.11

Machine type is 16F887



                Name                               Link     Load   Length Selector   Space Scale
C:\Users\luisg\AppData\Local\Temp\xcAsf6s.o
                end_init                             12       12        3        8       0
                reset_vec                             0        0        3        0       0
                config                             2007     2007        2        0       4
                idloc                              2000     2000        4        0       5
dist/default/production\digi2_proyecto1_alv-dar.X.production.o
                cinit                                15       15       1F        8       0
                intentry                              4        4        E        8       0
                config                             2007     2007        2        0       4
                idloc                              2000     2000        4        0       5
                text15                              32F      32F       44        8       0
                text14                              3ED      3ED       3A        8       0
                text13                               34       34       E8        8       0
                text12                              4D0      4D0        6      970       0
                text11                              11C      11C       7F        8       0
                text10                              452      452       20        8       0
                text9                               48C      48C       19        8       0
                text8                               2D8      2D8       57        8       0
                text7                               19B      19B       6F        8       0
                text6                               3B0      3B0       3D        8       0
                text5                               427      427       2B        8       0
                text4                               373      373       3D        8       0
                text3                               20A      20A       69        8       0
                text2                               4B8      4B8       10      970       0
                text1                               472      472       1A        8       0
                maintext                            273      273       65        8       0
                cstackBANK0                          3D       3D       1B       20       1
                cstackCOMMON                         70       70        E       70       1
                cstackBANK1                          A0       A0        4       A0       1
                clrtext                             4C8      4C8        8      970       0
                dataBANK0                            58       58        3       20       1
                bssBANK0                             20       20       1D       20       1
                strings                             4A5      4A5       13      94A       0
                idataBANK0                          4D6      4D6        3      970       0

TOTAL           Name                               Link     Load   Length     Space
        CLASS   CODE           
                end_init                             12       12        3         0
                cinit                                15       15       1F         0
                intentry                              4        4        E         0
                reset_vec                             0        0        3         0
                text15                              32F      32F       44         0
                text14                              3ED      3ED       3A         0
                text13                               34       34       E8         0
                text12                              4D0      4D0        6         0
                text11                              11C      11C       7F         0
                text10                              452      452       20         0
                text9                               48C      48C       19         0
                text8                               2D8      2D8       57         0
                text7                               19B      19B       6F         0
                text6                               3B0      3B0       3D         0
                text5                               427      427       2B         0
                text4                               373      373       3D         0
                text3                               20A      20A       69         0
                text2                               4B8      4B8       10         0
                text1                               472      472       1A         0
                maintext                            273      273       65         0
                clrtext                             4C8      4C8        8         0
                idataBANK0                          4D6      4D6        3         0

        CLASS   STRCODE        

        CLASS   STRING         
                strings                             4A5      4A5       13         0

        CLASS   CONST          

        CLASS   ENTRY          

        CLASS   COMMON         
                cstackCOMMON                         70       70        E         1

        CLASS   BANK0          
                cstackBANK0                          3D       3D       1B         1
                dataBANK0                            58       58        3         1
                bssBANK0                             20       20       1D         1

        CLASS   BANK1          
                cstackBANK1                          A0       A0        4         1

        CLASS   BANK2          

        CLASS   BANK3          

        CLASS   RAM            

        CLASS   ABS1           
                abs_s1                               7E       7E        2         1

        CLASS   SFR0           

        CLASS   SFR1           

        CLASS   SFR2           

        CLASS   SFR3           

        CLASS   CONFIG         
                config                             2007     2007        2         4

        CLASS   IDLOC          
                idloc                              2000     2000        4         5

        CLASS   EEDATA         

        CLASS   STACK          



SEGMENTS        Name                           Load    Length   Top    Selector   Space  Class     Delta

                reset_vec                      000000  000003  000003         0       0  CODE        2
                intentry                       000004  0004A1  0004A5         8       0  CODE        2
                bssBANK0                       000020  00003B  00005B        20       1  BANK0       1
                cstackCOMMON                   000070  00000E  00007E        70       1  COMMON      1
                cstackBANK1                    0000A0  000004  0000A4        A0       1  BANK1       1
                strings                        0004A5  000013  0004B8       94A       0  STRING      2
                text2                          0004B8  000021  0004D9       970       0  CODE        2


UNUSED ADDRESS RANGES

        Name                Unused          Largest block    Delta
        BANK0            005B-006F             15           1
        BANK1            00A4-00EF             4C           1
        BANK2            0110-016F             60           1
        BANK3            0190-01EF             60           1
        CODE             0003-0003              1           2
                         04D9-1FFF            800
        CONST            0003-0003              1           2
                         04D9-1FFF            100
        EEDATA           2100-21FF            100           2
        ENTRY            0003-0003              1           2
                         04D9-1FFF            100
        RAM              005B-006F             15           1
                         00A4-00EF             4C
                         0110-016F             60
                         0190-01EF             60
        SFR0             0000-001F             20           1
        SFR1             0080-009F             20           1
        SFR2             0100-010F             10           1
        SFR3             0180-018F             10           1
        STRCODE          0003-0003              1           2
                         04D9-1FFF           1B27
        STRING           0003-0003              1           2
                         04D9-1FFF            100

                                  Symbol Table

?___lwdiv                  cstackCOMMON 0070
?___lwmod                  cstackCOMMON 0078
?_sprintf                  cstackBANK0  003D
Lcd_Cmd@a                  cstackBANK0  0053
Lcd_Port@a                 cstackBANK0  0051
Lcd_Set_Cursor@a           cstackBANK1  00A0
Lcd_Set_Cursor@b           cstackBANK0  0054
Lcd_Set_Cursor@temp        cstackBANK1  00A3
Lcd_Set_Cursor@y           cstackBANK1  00A2
Lcd_Set_Cursor@z           cstackBANK1  00A1
Lcd_Write_Char@a           cstackBANK0  0055
Lcd_Write_Char@temp        cstackBANK0  0053
Lcd_Write_Char@y           cstackBANK0  0054
Lcd_Write_String@a         cstackBANK1  00A2
Lcd_Write_String@i         cstackBANK1  00A0
_ANSEL                     (abs)        0188
_ANSELH                    (abs)        0189
_BAUDCTLbits               (abs)        0187
_HS_flag                   bssBANK0     0024
_HS_flag_str               bssBANK0     0033
_INTCONbits                (abs)        000B
_Lcd_Cmd                   text9        048C
_Lcd_Init                  text8        02D8
_Lcd_Port                  text10       0452
_Lcd_Set_Cursor            text7        019B
_Lcd_Write_Char            text6        03B0
_Lcd_Write_String          text5        0427
_OPTION_REGbits            (abs)        0081
_OSCCONbits                (abs)        008F
_PIE1bits                  (abs)        008C
_PIR1bits                  (abs)        000C
_PORTA                     (abs)        0005
_PORTAbits                 (abs)        0005
_PORTB                     (abs)        0006
_PORTBbits                 (abs)        0006
_PORTCbits                 (abs)        0007
_PORTD                     (abs)        0008
_RB3                       (abs)        0033
_RB4                       (abs)        0034
_RB5                       (abs)        0035
_RB6                       (abs)        0036
_RB7                       (abs)        0037
_RCIF                      (abs)        0065
_RCREG                     (abs)        001A
_RCSTAbits                 (abs)        0018
_SPBRG                     (abs)        0099
_SPBRGH                    (abs)        009A
_T0IF                      (abs)        005A
_TMR0                      (abs)        0001
_TRISA                     (abs)        0085
_TRISB                     (abs)        0086
_TXREG                     (abs)        0019
_TXSTAbits                 (abs)        0098
__Habs1                    abs1         0000
__Hbank0                   bank0        0000
__Hbank1                   bank1        0000
__Hbank2                   bank2        0000
__Hbank3                   bank3        0000
__HbssBANK0                bssBANK0     0000
__Hcinit                   cinit        0034
__Hclrtext                 clrtext      0000
__Hcode                    code         0000
__Hcommon                  common       0000
__Hconfig                  config       2009
__HcstackBANK0             cstackBANK0  0000
__HcstackBANK1             cstackBANK1  0000
__HcstackCOMMON            cstackCOMMON 0000
__HdataBANK0               dataBANK0    0000
__Heeprom_data             eeprom_data  0000
__Hend_init                end_init     0015
__Hfunctab                 functab      0000
__HidataBANK0              idataBANK0   0000
__Hidloc                   idloc        2004
__Hinit                    init         0012
__Hintentry                intentry     0012
__Hmaintext                maintext     0000
__Hpowerup                 powerup      0000
__Hram                     ram          0000
__Hreset_vec               reset_vec    0003
__Hsfr0                    sfr0         0000
__Hsfr1                    sfr1         0000
__Hsfr2                    sfr2         0000
__Hsfr3                    sfr3         0000
__Hspace_0                 (abs)        04D9
__Hspace_1                 (abs)        00A4
__Hspace_2                 (abs)        0000
__Hspace_3                 (abs)        0000
__Hspace_4                 (abs)        4010
__Hstack                   stack        0000
__Hstrings                 strings      0000
__Htext                    text         0000
__Labs1                    abs1         0000
__Lbank0                   bank0        0000
__Lbank1                   bank1        0000
__Lbank2                   bank2        0000
__Lbank3                   bank3        0000
__LbssBANK0                bssBANK0     0000
__Lcinit                   cinit        0015
__Lclrtext                 clrtext      0000
__Lcode                    code         0000
__Lcommon                  common       0000
__Lconfig                  config       0000
__LcstackBANK0             cstackBANK0  0000
__LcstackBANK1             cstackBANK1  0000
__LcstackCOMMON            cstackCOMMON 0000
__LdataBANK0               dataBANK0    0000
__Leeprom_data             eeprom_data  0000
__Lend_init                end_init     0012
__Lfunctab                 functab      0000
__LidataBANK0              idataBANK0   0000
__Lidloc                   idloc        0000
__Linit                    init         0012
__Lintentry                intentry     0004
__Lmaintext                maintext     0000
__Lpowerup                 powerup      0000
__Lram                     ram          0000
__Lreset_vec               reset_vec    0000
__Lsfr0                    sfr0         0000
__Lsfr1                    sfr1         0000
__Lsfr2                    sfr2         0000
__Lsfr3                    sfr3         0000
__Lspace_0                 (abs)        0000
__Lspace_1                 (abs)        0000
__Lspace_2                 (abs)        0000
__Lspace_3                 (abs)        0000
__Lspace_4                 (abs)        0000
__Lstack                   stack        0000
__Lstrings                 strings      0000
__Ltext                    text         0000
__S0                       (abs)        04D9
__S1                       (abs)        00A4
__S3                       (abs)        0000
___int_sp                  stack        0000
___latbits                 (abs)        0002
___lwdiv                   text15       032F
___lwdiv@counter           cstackCOMMON 0077
___lwdiv@dividend          cstackCOMMON 0072
___lwdiv@divisor           cstackCOMMON 0070
___lwdiv@quotient          cstackCOMMON 0075
___lwmod                   text14       03ED
___lwmod@counter           cstackCOMMON 007D
___lwmod@dividend          cstackCOMMON 007A
___lwmod@divisor           cstackCOMMON 0078
___sp                      stack        0000
___stackhi                 (abs)        0000
___stacklo                 (abs)        0000
__end_of_Lcd_Cmd           text9        04A5
__end_of_Lcd_Init          text8        032F
__end_of_Lcd_Port          text10       0472
__end_of_Lcd_Set_Cursor    text7        020A
__end_of_Lcd_Write_Char    text6        03ED
__end_of_Lcd_Write_String  text5        0452
__end_of___lwdiv           text15       0373
__end_of___lwmod           text14       0427
__end_of__initialization   cinit        0030
__end_of__stringtab        strings      04AB
__end_of_dpowers           strings      04B5
__end_of_initOscFreq       text4        03B0
__end_of_initTmr0          text3        0273
__end_of_isr               text11       019B
__end_of_main              maintext     02D8
__end_of_setup             text2        04C8
__end_of_sprintf           text13       011C
__end_of_tmr0Reset         text12       04D6
__end_of_usartInitTransmit text1        048C
__initialization           cinit        0015
__pbssBANK0                bssBANK0     0020
__pcstackBANK0             cstackBANK0  003D
__pcstackBANK1             cstackBANK1  00A0
__pcstackCOMMON            cstackCOMMON 0070
__pdataBANK0               dataBANK0    0058
__pidataBANK0              idataBANK0   04D6
__pintentry                intentry     0004
__pmaintext                maintext     0273
__pstrings                 strings      04A5
__ptext1                   text1        0472
__ptext10                  text10       0452
__ptext11                  text11       011C
__ptext12                  text12       04D0
__ptext13                  text13       0034
__ptext14                  text14       03ED
__ptext15                  text15       032F
__ptext2                   text2        04B8
__ptext3                   text3        020A
__ptext4                   text4        0373
__ptext5                   text5        0427
__ptext6                   text6        03B0
__ptext7                   text7        019B
__ptext8                   text8        02D8
__ptext9                   text9        048C
__stringbase               strings      04AA
__stringtab                strings      04A5
_dpowers                   strings      04AB
_frerr                     bssBANK0     0021
_initOscFreq               text4        0373
_initTmr0                  text3        020A
_isr                       text11       011C
_main                      maintext     0273
_milis                     bssBANK0     0027
_overr                     bssBANK0     0020
_pulse                     bssBANK0     0026
_sensor_flag               bssBANK0     0023
_setup                     text2        04B8
_sprintf                   text13       0034
_spst_str                  bssBANK0     0029
_tmr0Reset                 text12       04D0
_usartInitTransmit         text1        0472
btemp                      (abs)        007E
clear_ram0                 clrtext      04C8
end_of_initialization      cinit        0030
initOscFreq@freq           cstackBANK0  0053
initTmr0@prescaler         cstackBANK0  0051
interrupt_function         intentry     0004
intlevel0                  functab      0000
intlevel1                  functab      0000
intlevel2                  functab      0000
intlevel3                  functab      0000
intlevel4                  functab      0000
intlevel5                  functab      0000
reset_vec                  reset_vec    0000
saved_w                    (abs)        007E
sprintf@ap                 cstackBANK0  0043
sprintf@c                  cstackBANK0  0049
sprintf@f                  cstackBANK0  003D
sprintf@flag               cstackBANK0  0044
sprintf@prec               cstackBANK0  0045
sprintf@sp                 cstackBANK0  0048
sprintf@val                cstackBANK0  0046
start                      init         0012
start_initialization       cinit        0015
wtemp0                     (abs)        007E


MODULE INFORMATION

Module		Function		Class		Link	Load	Size
osc_config.c
		_initOscFreq   		CODE           	0373	0000	61

osc_config.c estimated size: 61

USART.c
		_usartInitTransmit		CODE           	0472	0000	26

USART.c estimated size: 26

proyecto-main.c
		_main          		CODE           	0273	0000	101
		_isr           		CODE           	011C	0000	127
		_setup         		CODE           	04B8	0000	16

proyecto-main.c estimated size: 244

tmr0_config.c
		_initTmr0      		CODE           	020A	0000	105
		_tmr0Reset     		CODE           	04D0	0000	6

tmr0_config.c estimated size: 111

C:\Program Files\Microchip\xc8\v2.35\pic\sources\c90\common\lwdiv.c
		___lwdiv       		CODE           	032F	0000	68

C:\Program Files\Microchip\xc8\v2.35\pic\sources\c90\common\lwdiv.c estimated size: 68

C:\Program Files\Microchip\xc8\v2.35\pic\sources\c90\common\doprnt.c
		_sprintf       		CODE           	0034	0000	232

C:\Program Files\Microchip\xc8\v2.35\pic\sources\c90\common\doprnt.c estimated size: 232

LCD4b.c
		_Lcd_Write_String		CODE           	0427	0000	43
		_Lcd_Init      		CODE           	02D8	0000	87
		_Lcd_Write_Char		CODE           	03B0	0000	61
		_Lcd_Cmd       		CODE           	048C	0000	25
		_Lcd_Set_Cursor		CODE           	019B	0000	111
		_Lcd_Port      		CODE           	0452	0000	32

LCD4b.c estimated size: 359

shared
		__stringtab    		STRING         	04A5	0000	6
		_dpowers       		STRING         	04AB	0000	10
		__initialization		CODE           	0015	0000	27

shared estimated size: 43

C:\Program Files\Microchip\xc8\v2.35\pic\sources\c90\common\lwmod.c
		___lwmod       		CODE           	03ED	0000	58

C:\Program Files\Microchip\xc8\v2.35\pic\sources\c90\common\lwmod.c estimated size: 58

