Microchip MPLAB XC8 Compiler V2.35

Linker command line:

-W-3 --edf=C:\Program Files\Microchip\xc8\v2.35\pic\dat\en_msgs.txt -cn \
  -h+dist/default/production\digi2_proyecto1_ctrl.X.production.sym \
  --cmf=dist/default/production\digi2_proyecto1_ctrl.X.production.cmf -z \
  -Q16F887 -oC:\Users\luisg\AppData\Local\Temp\xcAsk2k.6 \
  --defsym=__MPLAB_BUILD=1 \
  -Mdist/default/production/digi2_proyecto1_ctrl.X.production.map \
  --md=C:\Users\luisg\AppData\Local\Temp\xcAsk2k.dat -E1 -ver=XC8 Compiler \
  --acfsm=1493 -ACODE=00h-07FFhx4 -ASTRCODE=00h-01FFFh -ASTRING=00h-0FFhx32 \
  -ACONST=00h-0FFhx32 -AENTRY=00h-0FFhx32 -ACOMMON=070h-07Fh \
  -ABANK0=020h-06Fh -ABANK1=0A0h-0EFh -ABANK2=0110h-016Fh \
  -ABANK3=0190h-01EFh -ARAM=020h-06Fh,0A0h-0EFh,0110h-016Fh,0190h-01EFh \
  -AABS1=020h-07Fh,0A0h-0EFh,0110h-016Fh,0190h-01EFh -ASFR0=00h-01Fh \
  -ASFR1=080h-09Fh -ASFR2=0100h-010Fh -ASFR3=0180h-018Fh \
  -ACONFIG=02007h-02008h -DCONFIG=2 -AIDLOC=02000h-02003h -DIDLOC=2 \
  -AEEDATA=00h-0FFh/02100h -peeprom_data=EEDATA -DEEDATA=2 -DCODE=2 \
  -DSTRCODE=2 -DSTRING=2 -DCONST=2 -DENTRY=2 \
  -preset_vec=00h,intentry=04h,init,end_init -ppowerup=CODE -pcinit=CODE \
  -pfunctab=ENTRY -k C:\Users\luisg\AppData\Local\Temp\xcAsk2k.o \
  dist/default/production\digi2_proyecto1_ctrl.X.production.o 

Object code version is 3.11

Machine type is 16F887



                Name                               Link     Load   Length Selector   Space Scale
C:\Users\luisg\AppData\Local\Temp\xcAsk2k.o
                end_init                             12       12        3        8       0
                reset_vec                             0        0        3        0       0
                config                             2007     2007        2        0       4
                idloc                              2000     2000        4        0       5
dist/default/production\digi2_proyecto1_ctrl.X.production.o
                cinit                                15       15       30        8       0
                intentry                              4        4        E        8       0
                config                             2007     2007        2        0       4
                idloc                              2000     2000        4        0       5
                text40                              9DA      9DA       22     13B4       0
                text39                              938      938       18     1270       0
                text38                              8D4      8D4        D     11A8       0
                text37                              8E1      8E1        D     11C2       0
                text36                              BB3      BB3       44     1766       0
                text35                              9FC      9FC       25     13F8       0
                text34                              A72      A72       2B     14E4       0
                text33                              89F      89F        6     113E       0
                text32                              B34      B34       3C     1668       0
                text31                              8FB      8FB       12     11F6       0
                text30                              E2C      E2C      1D4     1C58       0
                text29                              6B1      6B1       A7        8       0
                text28                              758      758       68        8       0
                text27                              BF7      BF7       46     17EE       0
                text26                              8EE      8EE        D     11DC       0
                text25                              A9D      A9D       2E     153A       0
                text24                              8AD      8AD        9     115A       0
                text23                              8B6      8B6        9     116C       0
                text22                              8BF      8BF        9     117E       0
                text21                              8C8      8C8        C     1190       0
                text20                              AFE      AFE       36     15FC       0
                text19                              99F      99F       1D     133E       0
                text18                              D27      D27       57     1A4E       0
                text17                              D7E      D7E       57     1AFC       0
                text16                              B70      B70       43     16E0       0
                text15                              CD3      CD3       54     19A6       0
                text14                              950      950       19     12A0       0
                text13                              921      921       17     1242       0
                text12                              983      983       1C     1306       0
                text11                              C83      C83       50     1906       0
                text10                              ACB      ACB       33     1596       0
                text9                               DD5      DD5       57     1BAA       0
                text8                               A48      A48       2A     1490       0
                text7                               C3D      C3D       46     187A       0
                text6                               7C0      7C0       3C        8       0
                text5                               A21      A21       27     1442       0
                text4                               90D      90D       14     121A       0
                text3                               4BF      4BF      1F2        8       0
                text2                               9BC      9BC       1E     1378       0
                text1                               969      969       1A     12D2       0
                maintext                             45       45      47A        8       0
                cstackBANK0                          20       20       1C       20       1
                cstackCOMMON                         70       70        E       70       1
                cstackBANK1                          E2       E2        E       A0       1
                cstackBANK3                         190      190       11      190       1
                clrtext                             8A5      8A5        8     114A       0
                bssBANK3                            1A1      1A1        A      190       1
                bssBANK1                             A0       A0       42       A0       1
                dataBANK0                            55       55        3       20       1
                bssBANK0                             3C       3C       19       20       1
                strings                             800      800       4E     1000       0
                idataBANK0                          7FC      7FC        3        8       0

TOTAL           Name                               Link     Load   Length     Space
        CLASS   CODE           
                end_init                             12       12        3         0
                cinit                                15       15       30         0
                intentry                              4        4        E         0
                reset_vec                             0        0        3         0
                text40                              9DA      9DA       22         0
                text39                              938      938       18         0
                text38                              8D4      8D4        D         0
                text37                              8E1      8E1        D         0
                text36                              BB3      BB3       44         0
                text35                              9FC      9FC       25         0
                text34                              A72      A72       2B         0
                text33                              89F      89F        6         0
                text32                              B34      B34       3C         0
                text31                              8FB      8FB       12         0
                text30                              E2C      E2C      1D4         0
                text29                              6B1      6B1       A7         0
                text28                              758      758       68         0
                text27                              BF7      BF7       46         0
                text26                              8EE      8EE        D         0
                text25                              A9D      A9D       2E         0
                text24                              8AD      8AD        9         0
                text23                              8B6      8B6        9         0
                text22                              8BF      8BF        9         0
                text21                              8C8      8C8        C         0
                text20                              AFE      AFE       36         0
                text19                              99F      99F       1D         0
                text18                              D27      D27       57         0
                text17                              D7E      D7E       57         0
                text16                              B70      B70       43         0
                text15                              CD3      CD3       54         0
                text14                              950      950       19         0
                text13                              921      921       17         0
                text12                              983      983       1C         0
                text11                              C83      C83       50         0
                text10                              ACB      ACB       33         0
                text9                               DD5      DD5       57         0
                text8                               A48      A48       2A         0
                text7                               C3D      C3D       46         0
                text6                               7C0      7C0       3C         0
                text5                               A21      A21       27         0
                text4                               90D      90D       14         0
                text3                               4BF      4BF      1F2         0
                text2                               9BC      9BC       1E         0
                text1                               969      969       1A         0
                maintext                             45       45      47A         0
                clrtext                             8A5      8A5        8         0
                idataBANK0                          7FC      7FC        3         0

        CLASS   STRCODE        

        CLASS   STRING         
                strings                             800      800       4E         0

        CLASS   CONST          

        CLASS   ENTRY          

        CLASS   COMMON         
                cstackCOMMON                         70       70        E         1

        CLASS   BANK0          
                cstackBANK0                          20       20       1C         1
                dataBANK0                            55       55        3         1
                bssBANK0                             3C       3C       19         1

        CLASS   BANK1          
                cstackBANK1                          E2       E2        E         1
                bssBANK1                             A0       A0       42         1

        CLASS   BANK2          

        CLASS   BANK3          
                cstackBANK3                         190      190       11         1
                bssBANK3                            1A1      1A1        A         1

        CLASS   RAM            

        CLASS   ABS1           
                abs_s1                               7E       7E        2         1

        CLASS   SFR0           

        CLASS   SFR1           

        CLASS   SFR2           

        CLASS   SFR3           

        CLASS   CONFIG         
                config                             2007     2007        2         4

        CLASS   IDLOC          
                idloc                              2000     2000        4         5

        CLASS   EEDATA         

        CLASS   STACK          



SEGMENTS        Name                           Load    Length   Top    Selector   Space  Class     Delta

                reset_vec                      000000  000003  000003         0       0  CODE        2
                intentry                       000004  0007FB  0007FF         8       0  CODE        2
                cstackBANK0                    000020  000038  000058        20       1  BANK0       1
                cstackCOMMON                   000070  00000E  00007E        70       1  COMMON      1
                bssBANK1                       0000A0  000050  0000F0        A0       1  BANK1       1
                cstackBANK3                    000190  00001B  0001AB       190       1  BANK3       1
                strings                        000800  00004E  00084E      1000       0  STRING      2
                text33                         00089F  000006  0008A5      113E       0  CODE        2
                clrtext                        0008A5  000008  0008AD      114A       0  CODE        2
                text24                         0008AD  000009  0008B6      115A       0  CODE        2
                text23                         0008B6  000009  0008BF      116C       0  CODE        2
                text22                         0008BF  000009  0008C8      117E       0  CODE        2
                text21                         0008C8  00000C  0008D4      1190       0  CODE        2
                text38                         0008D4  00000D  0008E1      11A8       0  CODE        2
                text37                         0008E1  00000D  0008EE      11C2       0  CODE        2
                text26                         0008EE  00000D  0008FB      11DC       0  CODE        2
                text31                         0008FB  000012  00090D      11F6       0  CODE        2
                text4                          00090D  000014  000921      121A       0  CODE        2
                text13                         000921  000017  000938      1242       0  CODE        2
                text39                         000938  000018  000950      1270       0  CODE        2
                text14                         000950  000019  000969      12A0       0  CODE        2
                text1                          000969  00001A  000983      12D2       0  CODE        2
                text12                         000983  00001C  00099F      1306       0  CODE        2
                text19                         00099F  00001D  0009BC      133E       0  CODE        2
                text2                          0009BC  00001E  0009DA      1378       0  CODE        2
                text40                         0009DA  000022  0009FC      13B4       0  CODE        2
                text35                         0009FC  000025  000A21      13F8       0  CODE        2
                text5                          000A21  000027  000A48      1442       0  CODE        2
                text8                          000A48  00002A  000A72      1490       0  CODE        2
                text34                         000A72  00002B  000A9D      14E4       0  CODE        2
                text25                         000A9D  00002E  000ACB      153A       0  CODE        2
                text10                         000ACB  000033  000AFE      1596       0  CODE        2
                text20                         000AFE  000036  000B34      15FC       0  CODE        2
                text32                         000B34  00003C  000B70      1668       0  CODE        2
                text16                         000B70  000043  000BB3      16E0       0  CODE        2
                text36                         000BB3  000044  000BF7      1766       0  CODE        2
                text27                         000BF7  000046  000C3D      17EE       0  CODE        2
                text7                          000C3D  000046  000C83      187A       0  CODE        2
                text11                         000C83  000050  000CD3      1906       0  CODE        2
                text15                         000CD3  000054  000D27      19A6       0  CODE        2
                text18                         000D27  000057  000D7E      1A4E       0  CODE        2
                text17                         000D7E  000057  000DD5      1AFC       0  CODE        2
                text9                          000DD5  000057  000E2C      1BAA       0  CODE        2
                text30                         000E2C  0001D4  001000      1C58       0  CODE        2


UNUSED ADDRESS RANGES

        Name                Unused          Largest block    Delta
        BANK0            0058-006F             18           1
        BANK2            0110-016F             60           1
        BANK3            01AB-01EF             45           1
        CODE             0003-0003              1           2
                         07FF-07FF              1
                         084E-089E             51
                         1000-1FFF            800
        CONST            0003-0003              1           2
                         07FF-07FF              1
                         084E-089E             51
                         1000-1FFF            100
        EEDATA           2100-21FF            100           2
        ENTRY            0003-0003              1           2
                         07FF-07FF              1
                         084E-089E             51
                         1000-1FFF            100
        RAM              0058-006F             18           1
                         0110-016F             60
                         01AB-01EF             45
        SFR0             0000-001F             20           1
        SFR1             0080-009F             20           1
        SFR2             0100-010F             10           1
        SFR3             0180-018F             10           1
        STRCODE          0003-0003              1           2
                         07FF-07FF              1
                         084E-089E             51
                         1000-1FFF           1000
        STRING           0003-0003              1           2
                         07FF-07FF              1
                         084E-089E             51
                         1000-1FFF            100

                                  Symbol Table

?_I2C_Master_Read                 cstackBANK1  00E2
?___lldiv                         cstackBANK1  00E2
?___lwdiv                         cstackBANK1  00E2
?___lwmod                         cstackBANK1  00EA
?___wmul                          cstackBANK1  00E2
?_adcRead                         cstackCOMMON 0070
?_percent                         cstackBANK0  0020
?_sprintf                         cstackBANK3  0190
?i1___lwdiv                       cstackCOMMON 0076
?i1___lwmod                       cstackBANK0  0020
?i1___wmul                        cstackCOMMON 0070
?i1_sprintf                       cstackBANK0  0026
I2C_Master_Init@c                 cstackBANK3  0190
I2C_Master_Read@a                 cstackBANK1  00E2
I2C_Master_Read@temp              cstackBANK1  00E6
I2C_Master_Write@d                cstackBANK1  00E2
Lcd_Cmd@a                         cstackBANK1  00E4
Lcd_Port@a                        cstackBANK1  00E2
Lcd_Set_Cursor@a                  cstackBANK1  00E8
Lcd_Set_Cursor@b                  cstackBANK1  00E5
Lcd_Set_Cursor@temp               cstackBANK1  00EB
Lcd_Set_Cursor@y                  cstackBANK1  00EA
Lcd_Set_Cursor@z                  cstackBANK1  00E9
Lcd_Write_Char@a                  cstackBANK1  00E6
Lcd_Write_Char@temp               cstackBANK1  00E4
Lcd_Write_Char@y                  cstackBANK1  00E5
Lcd_Write_String@a                cstackBANK1  00E7
Lcd_Write_String@i                cstackBANK1  00EC
_ADCON0bits                       (abs)        001F
_ADCON1bits                       (abs)        009F
_ADIF                             (abs)        0066
_ADRESH                           (abs)        001E
_ADRESL                           (abs)        009E
_ANSEL                            (abs)        0188
_ANSELH                           (abs)        0189
_BAUDCTLbits                      (abs)        0187
_GIE                              (abs)        005F
_HS_flag                          bssBANK0     004E
_HS_flag_str                      bssBANK1     00CE
_HS_percent                       bssBANK0     004F
_HS_str                           bssBANK1     00D8
_HS_val                           bssBANK0     0046
_I2C_Master_Init                  text27       0BF7
_I2C_Master_Read                  text25       0A9D
_I2C_Master_RepeatedStart         text24       08AD
_I2C_Master_Start                 text23       08B6
_I2C_Master_Stop                  text22       08BF
_I2C_Master_Wait                  text26       08EE
_I2C_Master_Write                 text21       08C8
_INTCONbits                       (abs)        000B
_IOCBbits                         (abs)        0096
_Lcd_Clear                        text38       08D4
_Lcd_Cmd                          text19       099F
_Lcd_Init                         text18       0D27
_Lcd_Port                         text20       0AFE
_Lcd_Set_Cursor                   text17       0D7E
_Lcd_Write_Char                   text16       0B70
_Lcd_Write_String                 text15       0CD3
_OPTION_REGbits                   (abs)        0081
_OSCCONbits                       (abs)        008F
_PEIE                             (abs)        005E
_PIE1bits                         (abs)        008C
_PIR1bits                         (abs)        000C
_PORTA                            (abs)        0005
_PORTB                            (abs)        0006
_PORTBbits                        (abs)        0006
_PORTD                            (abs)        0008
_PORTDbits                        (abs)        0008
_RB3                              (abs)        0033
_RB4                              (abs)        0034
_RB5                              (abs)        0035
_RB6                              (abs)        0036
_RB7                              (abs)        0037
_RBIF                             (abs)        0058
_RCSTAbits                        (abs)        0018
_RTC_hor                          bssBANK0     003C
_RTC_hor_str                      bssBANK1     00A6
_RTC_min                          bssBANK0     003E
_RTC_min_str                      bssBANK1     00B0
_RTC_sec                          bssBANK0     0040
_RTC_sec_str                      bssBANK1     00BA
_SPBRG                            (abs)        0099
_SPBRGH                           (abs)        009A
_SSPADD                           (abs)        0093
_SSPBUF                           (abs)        0013
_SSPCON                           (abs)        0014
_SSPCON2                          (abs)        0091
_SSPCON2bits                      (abs)        0091
_SSPCONbits                       (abs)        0014
_SSPIE                            (abs)        0463
_SSPIF                            (abs)        0063
_SSPSTAT                          (abs)        0094
_SSPSTATbits                      (abs)        0094
_T0IF                             (abs)        005A
_TMR0                             (abs)        0001
_TRISA                            (abs)        0085
_TRISB                            (abs)        0086
_TRISC3                           (abs)        043B
_TRISC4                           (abs)        043C
_TRISCbits                        (abs)        0087
_TRISD                            (abs)        0088
_TXIF                             (abs)        0064
_TXREG                            (abs)        0019
_TXSTAbits                        (abs)        0098
_WPUB                             (abs)        0095
__Habs1                           abs1         0000
__Hbank0                          bank0        0000
__Hbank1                          bank1        0000
__Hbank2                          bank2        0000
__Hbank3                          bank3        0000
__HbssBANK0                       bssBANK0     0000
__HbssBANK1                       bssBANK1     0000
__HbssBANK3                       bssBANK3     0000
__Hcinit                          cinit        0045
__Hclrtext                        clrtext      0000
__Hcode                           code         0000
__Hcommon                         common       0000
__Hconfig                         config       2009
__HcstackBANK0                    cstackBANK0  0000
__HcstackBANK1                    cstackBANK1  0000
__HcstackBANK3                    cstackBANK3  0000
__HcstackCOMMON                   cstackCOMMON 0000
__HdataBANK0                      dataBANK0    0000
__Heeprom_data                    eeprom_data  0000
__Hend_init                       end_init     0015
__Hfunctab                        functab      0000
__HidataBANK0                     idataBANK0   0000
__Hidloc                          idloc        2004
__Hinit                           init         0012
__Hintentry                       intentry     0012
__Hmaintext                       maintext     0000
__Hpowerup                        powerup      0000
__Hram                            ram          0000
__Hreset_vec                      reset_vec    0003
__Hsfr0                           sfr0         0000
__Hsfr1                           sfr1         0000
__Hsfr2                           sfr2         0000
__Hsfr3                           sfr3         0000
__Hspace_0                        (abs)        1000
__Hspace_1                        (abs)        01AB
__Hspace_2                        (abs)        0000
__Hspace_3                        (abs)        0000
__Hspace_4                        (abs)        4010
__Hstack                          stack        0000
__Hstrings                        strings      0000
__Htext                           text         0000
__Labs1                           abs1         0000
__Lbank0                          bank0        0000
__Lbank1                          bank1        0000
__Lbank2                          bank2        0000
__Lbank3                          bank3        0000
__LbssBANK0                       bssBANK0     0000
__LbssBANK1                       bssBANK1     0000
__LbssBANK3                       bssBANK3     0000
__Lcinit                          cinit        0015
__Lclrtext                        clrtext      0000
__Lcode                           code         0000
__Lcommon                         common       0000
__Lconfig                         config       0000
__LcstackBANK0                    cstackBANK0  0000
__LcstackBANK1                    cstackBANK1  0000
__LcstackBANK3                    cstackBANK3  0000
__LcstackCOMMON                   cstackCOMMON 0000
__LdataBANK0                      dataBANK0    0000
__Leeprom_data                    eeprom_data  0000
__Lend_init                       end_init     0012
__Lfunctab                        functab      0000
__LidataBANK0                     idataBANK0   0000
__Lidloc                          idloc        0000
__Linit                           init         0012
__Lintentry                       intentry     0004
__Lmaintext                       maintext     0000
__Lpowerup                        powerup      0000
__Lram                            ram          0000
__Lreset_vec                      reset_vec    0000
__Lsfr0                           sfr0         0000
__Lsfr1                           sfr1         0000
__Lsfr2                           sfr2         0000
__Lsfr3                           sfr3         0000
__Lspace_0                        (abs)        0000
__Lspace_1                        (abs)        0000
__Lspace_2                        (abs)        0000
__Lspace_3                        (abs)        0000
__Lspace_4                        (abs)        0000
__Lstack                          stack        0000
__Lstrings                        strings      0000
__Ltext                           text         0000
__S0                              (abs)        1000
__S1                              (abs)        01AB
__S3                              (abs)        0000
___bmul                           text13       0921
___bmul@multiplicand              cstackBANK1  00E2
___bmul@multiplier                cstackBANK1  00E5
___bmul@product                   cstackBANK1  00E4
___int_sp                         stack        0000
___latbits                        (abs)        0002
___lldiv                          text28       0758
___lldiv@counter                  cstackBANK1  00EF
___lldiv@dividend                 cstackBANK1  00E6
___lldiv@divisor                  cstackBANK1  00E2
___lldiv@quotient                 cstackBANK1  00EB
___lwdiv                          text7        0C3D
___lwdiv@counter                  cstackBANK1  00E7
___lwdiv@dividend                 cstackBANK1  00E4
___lwdiv@divisor                  cstackBANK1  00E2
___lwdiv@quotient                 cstackBANK1  00E8
___lwmod                          text6        07C0
___lwmod@counter                  cstackBANK1  00EF
___lwmod@dividend                 cstackBANK1  00EC
___lwmod@divisor                  cstackBANK1  00EA
___sp                             stack        0000
___stackhi                        (abs)        0000
___stacklo                        (abs)        0000
___wmul                           text5        0A21
___wmul@multiplicand              cstackBANK1  00E4
___wmul@multiplier                cstackBANK1  00E2
___wmul@product                   cstackBANK1  00E6
__end_of_I2C_Master_Init          text27       0C3D
__end_of_I2C_Master_Read          text25       0ACB
__end_of_I2C_Master_RepeatedStart text24       08B6
__end_of_I2C_Master_Start         text23       08BF
__end_of_I2C_Master_Stop          text22       08C8
__end_of_I2C_Master_Wait          text26       08FB
__end_of_I2C_Master_Write         text21       08D4
__end_of_Lcd_Clear                text38       08E1
__end_of_Lcd_Cmd                  text19       09BC
__end_of_Lcd_Init                 text18       0D7E
__end_of_Lcd_Port                 text20       0B34
__end_of_Lcd_Set_Cursor           text17       0DD5
__end_of_Lcd_Write_Char           text16       0BB3
__end_of_Lcd_Write_String         text15       0D27
__end_of___bmul                   text13       0938
__end_of___lldiv                  text28       07C0
__end_of___lwdiv                  text7        0C83
__end_of___lwmod                  text6        07FC
__end_of___wmul                   text5        0A48
__end_of__initialization          cinit        0041
__end_of__stringtab               strings      0810
__end_of_adcGo                    text14       0969
__end_of_adcRead                  text37       08EE
__end_of_binTodec                 text12       099F
__end_of_dpowers                  strings      081A
__end_of_initAdc                  text11       0CD3
__end_of_initOscFreq              text10       0AFE
__end_of_initTmr0                 text9        0E2C
__end_of_isdigit                  text4        0921
__end_of_isr                      text29       0758
__end_of_main                     maintext     04BF
__end_of_percent                  text34       0A9D
__end_of_setup                    text8        0A72
__end_of_sprintf                  text3        06B1
__end_of_tmr0Reset                text33       08A5
__end_of_usartDataWrite           text2        09DA
__end_of_usartInitTransmit        text1        0983
__end_ofi1_Lcd_Cmd                text39       0950
__end_ofi1_Lcd_Port               text40       09FC
__end_ofi1___lwdiv                text36       0BF7
__end_ofi1___lwmod                text32       0B70
__end_ofi1___wmul                 text35       0A21
__end_ofi1_isdigit                text31       090D
__end_ofi1_sprintf                text30       1000
__initialization                  cinit        0015
__pbssBANK0                       bssBANK0     003C
__pbssBANK1                       bssBANK1     00A0
__pbssBANK3                       bssBANK3     01A1
__pcstackBANK0                    cstackBANK0  0020
__pcstackBANK1                    cstackBANK1  00E2
__pcstackBANK3                    cstackBANK3  0190
__pcstackCOMMON                   cstackCOMMON 0070
__pdataBANK0                      dataBANK0    0055
__pidataBANK0                     idataBANK0   07FC
__pintentry                       intentry     0004
__pmaintext                       maintext     0045
__pstrings                        strings      0800
__ptext1                          text1        0969
__ptext10                         text10       0ACB
__ptext11                         text11       0C83
__ptext12                         text12       0983
__ptext13                         text13       0921
__ptext14                         text14       0950
__ptext15                         text15       0CD3
__ptext16                         text16       0B70
__ptext17                         text17       0D7E
__ptext18                         text18       0D27
__ptext19                         text19       099F
__ptext2                          text2        09BC
__ptext20                         text20       0AFE
__ptext21                         text21       08C8
__ptext22                         text22       08BF
__ptext23                         text23       08B6
__ptext24                         text24       08AD
__ptext25                         text25       0A9D
__ptext26                         text26       08EE
__ptext27                         text27       0BF7
__ptext28                         text28       0758
__ptext29                         text29       06B1
__ptext3                          text3        04BF
__ptext30                         text30       0E2C
__ptext31                         text31       08FB
__ptext32                         text32       0B34
__ptext33                         text33       089F
__ptext34                         text34       0A72
__ptext35                         text35       09FC
__ptext36                         text36       0BB3
__ptext37                         text37       08E1
__ptext38                         text38       08D4
__ptext39                         text39       0938
__ptext4                          text4        090D
__ptext40                         text40       09DA
__ptext5                          text5        0A21
__ptext6                          text6        07C0
__ptext7                          text7        0C3D
__ptext8                          text8        0A48
__ptext9                          text9        0DD5
__stringbase                      strings      080F
__stringtab                       strings      0800
_adcGo                            text14       0950
_adcRead                          text37       08E1
_binTodec                         text12       0983
_disp                             bssBANK0     004C
_dpowers                          strings      0810
_initAdc                          text11       0C83
_initOscFreq                      text10       0ACB
_initTmr0                         text9        0DD5
_isdigit                          text4        090D
_isdigit$1515                     cstackBANK1  00E2
_isr                              text29       06B1
_main                             maintext     0045
_milis                            bssBANK0     0053
_percent                          text34       0A72
_pulse                            bssBANK0     0052
_send_cont                        bssBANK0     0051
_setup                            text8        0A48
_sprintf                          text3        04BF
_spst                             bssBANK0     004D
_spst_flag                        bssBANK0     004B
_temp_flag                        bssBANK0     004A
_temp_str                         bssBANK1     00C4
_temperatura                      bssBANK0     0042
_tmr0Reset                        text33       089F
_usartDataWrite                   text2        09BC
_usartInitTransmit                text1        0969
adcGo@channel                     cstackBANK1  00E3
binTodec@num                      cstackBANK1  00E9
btemp                             (abs)        007E
clear_ram0                        clrtext      08A5
end_of_initialization             cinit        0041
i1Lcd_Cmd@a                       cstackCOMMON 0072
i1Lcd_Port@a                      cstackCOMMON 0070
i1_Lcd_Cmd                        text39       0938
i1_Lcd_Port                       text40       09DA
i1___lwdiv                        text36       0BB3
i1___lwdiv@counter                cstackCOMMON 007D
i1___lwdiv@dividend               cstackCOMMON 0078
i1___lwdiv@divisor                cstackCOMMON 0076
i1___lwdiv@quotient               cstackCOMMON 007B
i1___lwmod                        text32       0B34
i1___lwmod@counter                cstackBANK0  0025
i1___lwmod@dividend               cstackBANK0  0022
i1___lwmod@divisor                cstackBANK0  0020
i1___wmul                         text35       09FC
i1___wmul@multiplicand            cstackCOMMON 0072
i1___wmul@multiplier              cstackCOMMON 0070
i1___wmul@product                 cstackCOMMON 0074
i1_isdigit                        text31       08FB
i1_isdigit$1515                   cstackCOMMON 0070
i1_sprintf                        text30       0E2C
i1isdigit@c                       cstackCOMMON 0071
i1sprintf@ap                      cstackBANK0  002C
i1sprintf@c                       cstackBANK0  0034
i1sprintf@f                       cstackBANK0  0026
i1sprintf@flag                    cstackBANK0  0030
i1sprintf@prec                    cstackBANK0  002D
i1sprintf@sp                      cstackBANK0  0033
i1sprintf@val                     cstackBANK0  002E
i1sprintf@width                   cstackBANK0  0031
initAdc@adc_s                     cstackBANK1  00E6
initAdc@vref_neg                  cstackBANK1  00E3
initAdc@vref_pos                  cstackBANK1  00E2
initOscFreq@freq                  cstackBANK1  00E4
initTmr0@prescaler                cstackBANK1  00E2
interrupt_function                intentry     0004
intlevel0                         functab      0000
intlevel1                         functab      0000
intlevel2                         functab      0000
intlevel3                         functab      0000
intlevel4                         functab      0000
intlevel5                         functab      0000
isdigit@c                         cstackBANK1  00E3
percent@air_val                   cstackBANK0  0024
percent@val                       cstackBANK0  0020
percent@water_val                 cstackBANK0  0022
reset_vec                         reset_vec    0000
saved_w                           (abs)        007E
sprintf@ap                        cstackBANK3  0196
sprintf@c                         cstackBANK3  019D
sprintf@f                         cstackBANK3  0190
sprintf@flag                      cstackBANK3  019A
sprintf@prec                      cstackBANK3  0197
sprintf@sp                        cstackBANK3  019E
sprintf@val                       cstackBANK3  0198
sprintf@width                     cstackBANK3  019B
start                             init         0012
start_initialization              cinit        0015
usartDataWrite@msg                cstackBANK1  00E5
wtemp0                            (abs)        007E


MODULE INFORMATION

Module		Function		Class		Link	Load	Size
sensor_ctrl_main.c
		_main          		CODE           	0045	0000	1146
		_binTodec      		CODE           	0983	0000	28
		_isr           		CODE           	06B1	0000	167
		_setup         		CODE           	0A48	0000	42
		_percent       		CODE           	0A72	0000	43

sensor_ctrl_main.c estimated size: 1426

osc_config.c
		_initOscFreq   		CODE           	0ACB	0000	51

osc_config.c estimated size: 51

USART.c
		_usartDataWrite		CODE           	09BC	0000	30
		_usartInitTransmit		CODE           	0969	0000	26

USART.c estimated size: 56

tmr0_config.c
		_initTmr0      		CODE           	0DD5	0000	87
		_tmr0Reset     		CODE           	089F	0000	6

tmr0_config.c estimated size: 93

C:\Program Files\Microchip\xc8\v2.35\pic\sources\c90\common\lwdiv.c
		___lwdiv       		CODE           	0C3D	0000	70

C:\Program Files\Microchip\xc8\v2.35\pic\sources\c90\common\lwdiv.c estimated size: 70

C:\Program Files\Microchip\xc8\v2.35\pic\sources\c90\common\Umul8.c
		___bmul        		CODE           	0921	0000	23

C:\Program Files\Microchip\xc8\v2.35\pic\sources\c90\common\Umul8.c estimated size: 23

I2C.c
		_I2C_Master_Read		CODE           	0A9D	0000	46
		_I2C_Master_Wait		CODE           	08EE	0000	13
		_I2C_Master_Init		CODE           	0BF7	0000	70
		_I2C_Master_Stop		CODE           	08BF	0000	9
		_I2C_Master_RepeatedStart		CODE           	08AD	0000	9
		_I2C_Master_Write		CODE           	08C8	0000	12
		_I2C_Master_Start		CODE           	08B6	0000	9

I2C.c estimated size: 168

C:\Program Files\Microchip\xc8\v2.35\pic\sources\c90\common\doprnt.c
		_sprintf       		CODE           	04BF	0000	498

C:\Program Files\Microchip\xc8\v2.35\pic\sources\c90\common\doprnt.c estimated size: 498

LCD4b.c
		_Lcd_Write_String		CODE           	0CD3	0000	84
		_Lcd_Init      		CODE           	0D27	0000	87
		_Lcd_Write_Char		CODE           	0B70	0000	67
		_Lcd_Cmd       		CODE           	099F	0000	29
		_Lcd_Set_Cursor		CODE           	0D7E	0000	87
		_Lcd_Clear     		CODE           	08D4	0000	13
		_Lcd_Port      		CODE           	0AFE	0000	54

LCD4b.c estimated size: 421

C:\Program Files\Microchip\xc8\v2.35\pic\sources\c90\common\__lldiv.c
		___lldiv       		CODE           	0758	0000	104

C:\Program Files\Microchip\xc8\v2.35\pic\sources\c90\common\__lldiv.c estimated size: 104

shared
		__stringtab    		STRING         	0800	0000	16
		i1___lwdiv     		CODE           	0BB3	0000	68
		_dpowers       		STRING         	0810	0000	10
		i1_isdigit     		CODE           	08FB	0000	18
		i1___wmul      		CODE           	09FC	0000	37
		i1_Lcd_Port    		CODE           	09DA	0000	34
		i1_Lcd_Cmd     		CODE           	0938	0000	24
		i1___lwmod     		CODE           	0B34	0000	60
		__initialization		CODE           	0015	0000	44
		i1_sprintf     		CODE           	0E2C	0000	468

shared estimated size: 779

C:\Program Files\Microchip\xc8\v2.35\pic\sources\c90\common\Umul16.c
		___wmul        		CODE           	0A21	0000	39

C:\Program Files\Microchip\xc8\v2.35\pic\sources\c90\common\Umul16.c estimated size: 39

adc_config.c
		_adcRead       		CODE           	08E1	0000	13
		_adcGo         		CODE           	0950	0000	25
		_initAdc       		CODE           	0C83	0000	80

adc_config.c estimated size: 118

C:\Program Files\Microchip\xc8\v2.35\pic\sources\c90\common\lwmod.c
		___lwmod       		CODE           	07C0	0000	60

C:\Program Files\Microchip\xc8\v2.35\pic\sources\c90\common\lwmod.c estimated size: 60

C:\Program Files\Microchip\xc8\v2.35\pic\sources\c90\common\isdigit.c
		_isdigit       		CODE           	090D	0000	20

C:\Program Files\Microchip\xc8\v2.35\pic\sources\c90\common\isdigit.c estimated size: 20

