Microchip MPLAB XC8 Compiler V2.35

Linker command line:

-W-3 --edf=C:\Program Files\Microchip\xc8\v2.35\pic\dat\en_msgs.txt -cn \
  -h+dist/default/production\digi2_proyecto1_ctrl.X.production.sym \
  --cmf=dist/default/production\digi2_proyecto1_ctrl.X.production.cmf -z \
  -Q16F887 -oC:\Users\luisg\AppData\Local\Temp\xcAscp4.4 \
  --defsym=__MPLAB_BUILD=1 \
  -Mdist/default/production/digi2_proyecto1_ctrl.X.production.map \
  --md=C:\Users\luisg\AppData\Local\Temp\xcAscp4.dat -E1 -ver=XC8 Compiler \
  --acfsm=1493 -ACODE=00h-07FFhx4 -ASTRCODE=00h-01FFFh -ASTRING=00h-0FFhx32 \
  -ACONST=00h-0FFhx32 -AENTRY=00h-0FFhx32 -ACOMMON=070h-07Fh \
  -ABANK0=020h-06Fh -ABANK1=0A0h-0EFh -ABANK2=0110h-016Fh \
  -ABANK3=0190h-01EFh -ARAM=020h-06Fh,0A0h-0EFh,0110h-016Fh,0190h-01EFh \
  -AABS1=020h-07Fh,0A0h-0EFh,0110h-016Fh,0190h-01EFh -ASFR0=00h-01Fh \
  -ASFR1=080h-09Fh -ASFR2=0100h-010Fh -ASFR3=0180h-018Fh \
  -ACONFIG=02007h-02008h -DCONFIG=2 -AIDLOC=02000h-02003h -DIDLOC=2 \
  -AEEDATA=00h-0FFh/02100h -peeprom_data=EEDATA -DEEDATA=2 -DCODE=2 \
  -DSTRCODE=2 -DSTRING=2 -DCONST=2 -DENTRY=2 \
  -preset_vec=00h,intentry=04h,init,end_init -ppowerup=CODE -pcinit=CODE \
  -pfunctab=ENTRY -k C:\Users\luisg\AppData\Local\Temp\xcAscp4.o \
  dist/default/production\digi2_proyecto1_ctrl.X.production.o 

Object code version is 3.11

Machine type is 16F887



                Name                               Link     Load   Length Selector   Space Scale
C:\Users\luisg\AppData\Local\Temp\xcAscp4.o
                end_init                             12       12        3        8       0
                reset_vec                             0        0        3        0       0
                config                             2007     2007        2        0       4
                idloc                              2000     2000        4        0       5
dist/default/production\digi2_proyecto1_ctrl.X.production.o
                cinit                                15       15       27        8       0
                intentry                              4        4        E        8       0
                config                             2007     2007        2        0       4
                idloc                              2000     2000        4        0       5
                text24                              F24      F24        D     1E48       0
                text23                              FB5      FB5       25     1F6A       0
                text22                              6A1      6A1       44        8       0
                text21                              7D1      7D1       2B      FA2       0
                text20                              F16      F16        6     1E2C       0
                text19                              764      764       3C        8       0
                text18                              2B2      2B2       EA        8       0
                text17                              39C      39C       AB        8       0
                text16                              F95      F95       20     1F2A       0
                text15                              F78      F78       1D     1EF0       0
                text14                              55F      55F       57        8       0
                text13                              508      508       57        8       0
                text12                              60A      60A       4D        8       0
                text11                              5B6      5B6       54        8       0
                text10                              F31      F31       13     1E62       0
                text9                               4B0      4B0       58        8       0
                text8                               725      725       3F        8       0
                text7                               447      447       69        8       0
                text6                               F44      F44       1A     1E88       0
                text5                               657      657       4A        8       0
                text4                               6E5      6E5       40        8       0
                text3                               1C8      1C8       EA        8       0
                text2                               FDA      FDA       26     1FB4       0
                text1                               F5E      F5E       1A     1EBC       0
                maintext                             3C       3C      18C        8       0
                cstackBANK0                          20       20       1C       20       1
                cstackCOMMON                         70       70        E       70       1
                cstackBANK1                          A0       A0       1B       A0       1
                clrtext                             F1C      F1C        8     1E38       0
                bssBANK1                             BB       BB       14       A0       1
                dataBANK0                            53       53        3       20       1
                bssBANK0                             3C       3C       17       20       1
                strings                             7A0      7A0       31      F40       0
                idataBANK0                          7FC      7FC        3      FA2       0

TOTAL           Name                               Link     Load   Length     Space
        CLASS   CODE           
                end_init                             12       12        3         0
                cinit                                15       15       27         0
                intentry                              4        4        E         0
                reset_vec                             0        0        3         0
                text24                              F24      F24        D         0
                text23                              FB5      FB5       25         0
                text22                              6A1      6A1       44         0
                text21                              7D1      7D1       2B         0
                text20                              F16      F16        6         0
                text19                              764      764       3C         0
                text18                              2B2      2B2       EA         0
                text17                              39C      39C       AB         0
                text16                              F95      F95       20         0
                text15                              F78      F78       1D         0
                text14                              55F      55F       57         0
                text13                              508      508       57         0
                text12                              60A      60A       4D         0
                text11                              5B6      5B6       54         0
                text10                              F31      F31       13         0
                text9                               4B0      4B0       58         0
                text8                               725      725       3F         0
                text7                               447      447       69         0
                text6                               F44      F44       1A         0
                text5                               657      657       4A         0
                text4                               6E5      6E5       40         0
                text3                               1C8      1C8       EA         0
                text2                               FDA      FDA       26         0
                text1                               F5E      F5E       1A         0
                maintext                             3C       3C      18C         0
                clrtext                             F1C      F1C        8         0
                idataBANK0                          7FC      7FC        3         0

        CLASS   STRCODE        

        CLASS   STRING         
                strings                             7A0      7A0       31         0

        CLASS   CONST          

        CLASS   ENTRY          

        CLASS   COMMON         
                cstackCOMMON                         70       70        E         1

        CLASS   BANK0          
                cstackBANK0                          20       20       1C         1
                dataBANK0                            53       53        3         1
                bssBANK0                             3C       3C       17         1

        CLASS   BANK1          
                cstackBANK1                          A0       A0       1B         1
                bssBANK1                             BB       BB       14         1

        CLASS   BANK2          

        CLASS   BANK3          

        CLASS   RAM            

        CLASS   ABS1           
                abs_s1                               7E       7E        2         1

        CLASS   SFR0           

        CLASS   SFR1           

        CLASS   SFR2           

        CLASS   SFR3           

        CLASS   CONFIG         
                config                             2007     2007        2         4

        CLASS   IDLOC          
                idloc                              2000     2000        4         5

        CLASS   EEDATA         

        CLASS   STACK          



SEGMENTS        Name                           Load    Length   Top    Selector   Space  Class     Delta

                reset_vec                      000000  000003  000003         0       0  CODE        2
                intentry                       000004  00079C  0007A0         8       0  CODE        2
                cstackBANK0                    000020  000036  000056        20       1  BANK0       1
                cstackCOMMON                   000070  00000E  00007E        70       1  COMMON      1
                cstackBANK1                    0000A0  00002F  0000CF        A0       1  BANK1       1
                strings                        0007A0  000031  0007D1       F40       0  STRING      2
                text21                         0007D1  00002E  0007FF       FA2       0  CODE        2
                text20                         000F16  000006  000F1C      1E2C       0  CODE        2
                clrtext                        000F1C  000008  000F24      1E38       0  CODE        2
                text24                         000F24  00000D  000F31      1E48       0  CODE        2
                text10                         000F31  000013  000F44      1E62       0  CODE        2
                text6                          000F44  00001A  000F5E      1E88       0  CODE        2
                text1                          000F5E  00001A  000F78      1EBC       0  CODE        2
                text15                         000F78  00001D  000F95      1EF0       0  CODE        2
                text16                         000F95  000020  000FB5      1F2A       0  CODE        2
                text23                         000FB5  000025  000FDA      1F6A       0  CODE        2
                text2                          000FDA  000026  001000      1FB4       0  CODE        2


UNUSED ADDRESS RANGES

        Name                Unused          Largest block    Delta
        BANK0            0056-006F             1A           1
        BANK1            00CF-00EF             21           1
        BANK2            0110-016F             60           1
        BANK3            0190-01EF             60           1
        CODE             0003-0003              1           2
                         07FF-0F15              1
                         1000-1FFF            800
        CONST            0003-0003              1           2
                         07FF-0F15            100
                         1000-1FFF            100
        EEDATA           2100-21FF            100           2
        ENTRY            0003-0003              1           2
                         07FF-0F15            100
                         1000-1FFF            100
        RAM              0056-006F             1A           1
                         00CF-00EF             21
                         0110-016F             60
                         0190-01EF             60
        SFR0             0000-001F             20           1
        SFR1             0080-009F             20           1
        SFR2             0100-010F             10           1
        SFR3             0180-018F             10           1
        STRCODE          0003-0003              1           2
                         07FF-0F15            717
                         1000-1FFF           1000
        STRING           0003-0003              1           2
                         07FF-0F15            100
                         1000-1FFF            100

                                  Symbol Table

?___lwdiv                  cstackBANK1  00A0
?___lwmod                  cstackBANK1  00A7
?___wmul                   cstackCOMMON 0070
?_adcRead                  cstackCOMMON 0070
?_percent                  cstackBANK0  0020
?_sprintf                  cstackBANK1  00AC
?i1___lwdiv                cstackCOMMON 0076
?i1___lwmod                cstackBANK0  0020
?i1_sprintf                cstackBANK0  0026
Lcd_Cmd@a                  cstackBANK1  00A0
Lcd_Port@a                 cstackBANK0  003A
Lcd_Set_Cursor@a           cstackBANK1  00A4
Lcd_Set_Cursor@b           cstackBANK1  00A1
Lcd_Set_Cursor@temp        cstackBANK1  00A7
Lcd_Set_Cursor@y           cstackBANK1  00A6
Lcd_Set_Cursor@z           cstackBANK1  00A5
Lcd_Write_Char@a           cstackBANK1  00A2
Lcd_Write_Char@temp        cstackBANK1  00A0
Lcd_Write_Char@y           cstackBANK1  00A1
Lcd_Write_String@a         cstackBANK1  00A3
Lcd_Write_String@i         cstackBANK1  00A8
_ADCON0bits                (abs)        001F
_ADCON1bits                (abs)        009F
_ADIF                      (abs)        0066
_ADRESH                    (abs)        001E
_ADRESL                    (abs)        009E
_ANSEL                     (abs)        0188
_ANSELH                    (abs)        0189
_BAUDCTLbits               (abs)        0187
_HS_flag                   bssBANK0     0042
_HS_flag_str               bssBANK0     0049
_HS_percent                bssBANK0     0043
_HS_str                    bssBANK1     00C5
_HS_val                    bssBANK0     003C
_INTCONbits                (abs)        000B
_IOCBbits                  (abs)        0096
_Lcd_Cmd                   text15       0F78
_Lcd_Init                  text14       055F
_Lcd_Port                  text16       0F95
_Lcd_Set_Cursor            text13       0508
_Lcd_Write_Char            text12       060A
_Lcd_Write_String          text11       05B6
_OPTION_REGbits            (abs)        0081
_OSCCONbits                (abs)        008F
_PIE1bits                  (abs)        008C
_PIR1bits                  (abs)        000C
_PORTA                     (abs)        0005
_PORTB                     (abs)        0006
_PORTBbits                 (abs)        0006
_PORTCbits                 (abs)        0007
_PORTD                     (abs)        0008
_PORTDbits                 (abs)        0008
_RB3                       (abs)        0033
_RB4                       (abs)        0034
_RB5                       (abs)        0035
_RB6                       (abs)        0036
_RB7                       (abs)        0037
_RBIF                      (abs)        0058
_RCSTAbits                 (abs)        0018
_SPBRG                     (abs)        0099
_SPBRGH                    (abs)        009A
_T0IF                      (abs)        005A
_TMR0                      (abs)        0001
_TRISA                     (abs)        0085
_TRISB                     (abs)        0086
_TRISD                     (abs)        0088
_TXIF                      (abs)        0064
_TXREG                     (abs)        0019
_TXSTAbits                 (abs)        0098
_WPUB                      (abs)        0095
__Habs1                    abs1         0000
__Hbank0                   bank0        0000
__Hbank1                   bank1        0000
__Hbank2                   bank2        0000
__Hbank3                   bank3        0000
__HbssBANK0                bssBANK0     0000
__HbssBANK1                bssBANK1     0000
__Hcinit                   cinit        003C
__Hclrtext                 clrtext      0000
__Hcode                    code         0000
__Hcommon                  common       0000
__Hconfig                  config       2009
__HcstackBANK0             cstackBANK0  0000
__HcstackBANK1             cstackBANK1  0000
__HcstackCOMMON            cstackCOMMON 0000
__HdataBANK0               dataBANK0    0000
__Heeprom_data             eeprom_data  0000
__Hend_init                end_init     0015
__Hfunctab                 functab      0000
__HidataBANK0              idataBANK0   0000
__Hidloc                   idloc        2004
__Hinit                    init         0012
__Hintentry                intentry     0012
__Hmaintext                maintext     0000
__Hpowerup                 powerup      0000
__Hram                     ram          0000
__Hreset_vec               reset_vec    0003
__Hsfr0                    sfr0         0000
__Hsfr1                    sfr1         0000
__Hsfr2                    sfr2         0000
__Hsfr3                    sfr3         0000
__Hspace_0                 (abs)        1000
__Hspace_1                 (abs)        00CF
__Hspace_2                 (abs)        0000
__Hspace_3                 (abs)        0000
__Hspace_4                 (abs)        4010
__Hstack                   stack        0000
__Hstrings                 strings      0000
__Htext                    text         0000
__Labs1                    abs1         0000
__Lbank0                   bank0        0000
__Lbank1                   bank1        0000
__Lbank2                   bank2        0000
__Lbank3                   bank3        0000
__LbssBANK0                bssBANK0     0000
__LbssBANK1                bssBANK1     0000
__Lcinit                   cinit        0015
__Lclrtext                 clrtext      0000
__Lcode                    code         0000
__Lcommon                  common       0000
__Lconfig                  config       0000
__LcstackBANK0             cstackBANK0  0000
__LcstackBANK1             cstackBANK1  0000
__LcstackCOMMON            cstackCOMMON 0000
__LdataBANK0               dataBANK0    0000
__Leeprom_data             eeprom_data  0000
__Lend_init                end_init     0012
__Lfunctab                 functab      0000
__LidataBANK0              idataBANK0   0000
__Lidloc                   idloc        0000
__Linit                    init         0012
__Lintentry                intentry     0004
__Lmaintext                maintext     0000
__Lpowerup                 powerup      0000
__Lram                     ram          0000
__Lreset_vec               reset_vec    0000
__Lsfr0                    sfr0         0000
__Lsfr1                    sfr1         0000
__Lsfr2                    sfr2         0000
__Lsfr3                    sfr3         0000
__Lspace_0                 (abs)        0000
__Lspace_1                 (abs)        0000
__Lspace_2                 (abs)        0000
__Lspace_3                 (abs)        0000
__Lspace_4                 (abs)        0000
__Lstack                   stack        0000
__Lstrings                 strings      0000
__Ltext                    text         0000
__S0                       (abs)        1000
__S1                       (abs)        00CF
__S3                       (abs)        0000
___int_sp                  stack        0000
___latbits                 (abs)        0002
___lwdiv                   text5        0657
___lwdiv@counter           cstackBANK1  00A4
___lwdiv@dividend          cstackBANK1  00A2
___lwdiv@divisor           cstackBANK1  00A0
___lwdiv@quotient          cstackBANK1  00A5
___lwmod                   text4        06E5
___lwmod@counter           cstackBANK1  00AB
___lwmod@dividend          cstackBANK1  00A9
___lwmod@divisor           cstackBANK1  00A7
___sp                      stack        0000
___stackhi                 (abs)        0000
___stacklo                 (abs)        0000
___wmul                    text23       0FB5
___wmul@multiplicand       cstackCOMMON 0072
___wmul@multiplier         cstackCOMMON 0070
___wmul@product            cstackCOMMON 0074
__end_of_Lcd_Cmd           text15       0F95
__end_of_Lcd_Init          text14       05B6
__end_of_Lcd_Port          text16       0FB5
__end_of_Lcd_Set_Cursor    text13       055F
__end_of_Lcd_Write_Char    text12       0657
__end_of_Lcd_Write_String  text11       060A
__end_of___lwdiv           text5        06A1
__end_of___lwmod           text4        0725
__end_of___wmul            text23       0FDA
__end_of__initialization   cinit        0038
__end_of__stringtab        strings      07B0
__end_of_adcGo             text10       0F44
__end_of_adcRead           text24       0F31
__end_of_dpowers           strings      07BA
__end_of_initAdc           text9        0508
__end_of_initOscFreq       text8        0764
__end_of_initTmr0          text7        04B0
__end_of_isr               text17       0447
__end_of_main              maintext     01C8
__end_of_percent           text21       07FC
__end_of_setup             text6        0F5E
__end_of_sprintf           text3        02B2
__end_of_tmr0Reset         text20       0F1C
__end_of_uPrint            text2        1000
__end_of_usartInitTransmit text1        0F78
__end_ofi1___lwdiv         text22       06E5
__end_ofi1___lwmod         text19       07A0
__end_ofi1_sprintf         text18       039C
__initialization           cinit        0015
__pbssBANK0                bssBANK0     003C
__pbssBANK1                bssBANK1     00BB
__pcstackBANK0             cstackBANK0  0020
__pcstackBANK1             cstackBANK1  00A0
__pcstackCOMMON            cstackCOMMON 0070
__pdataBANK0               dataBANK0    0053
__pidataBANK0              idataBANK0   07FC
__pintentry                intentry     0004
__pmaintext                maintext     003C
__pstrings                 strings      07A0
__ptext1                   text1        0F5E
__ptext10                  text10       0F31
__ptext11                  text11       05B6
__ptext12                  text12       060A
__ptext13                  text13       0508
__ptext14                  text14       055F
__ptext15                  text15       0F78
__ptext16                  text16       0F95
__ptext17                  text17       039C
__ptext18                  text18       02B2
__ptext19                  text19       0764
__ptext2                   text2        0FDA
__ptext20                  text20       0F16
__ptext21                  text21       07D1
__ptext22                  text22       06A1
__ptext23                  text23       0FB5
__ptext24                  text24       0F24
__ptext3                   text3        01C8
__ptext4                   text4        06E5
__ptext5                   text5        0657
__ptext6                   text6        0F44
__ptext7                   text7        0447
__ptext8                   text8        0725
__ptext9                   text9        04B0
__stringbase               strings      07AF
__stringtab                strings      07A0
_adcGo                     text10       0F31
_adcRead                   text24       0F24
_dpowers                   strings      07B0
_initAdc                   text9        04B0
_initOscFreq               text8        0725
_initTmr0                  text7        0447
_isr                       text17       039C
_main                      maintext     003C
_milis                     bssBANK0     0047
_percent                   text21       07D1
_pulse                     bssBANK0     0046
_send_cont                 bssBANK0     0045
_setup                     text6        0F44
_sprintf                   text3        01C8
_spst                      bssBANK0     0041
_spst_flag                 bssBANK0     0040
_spst_str                  bssBANK1     00BB
_tmr0Reset                 text20       0F16
_uPrint                    text2        0FDA
_usartInitTransmit         text1        0F5E
adcGo@channel              cstackBANK0  003B
btemp                      (abs)        007E
clear_ram0                 clrtext      0F1C
end_of_initialization      cinit        0038
i1___lwdiv                 text22       06A1
i1___lwdiv@counter         cstackCOMMON 007D
i1___lwdiv@dividend        cstackCOMMON 0078
i1___lwdiv@divisor         cstackCOMMON 0076
i1___lwdiv@quotient        cstackCOMMON 007B
i1___lwmod                 text19       0764
i1___lwmod@counter         cstackBANK0  0025
i1___lwmod@dividend        cstackBANK0  0022
i1___lwmod@divisor         cstackBANK0  0020
i1_sprintf                 text18       02B2
i1sprintf@ap               cstackBANK0  002C
i1sprintf@c                cstackBANK0  0032
i1sprintf@f                cstackBANK0  0026
i1sprintf@flag             cstackBANK0  002D
i1sprintf@prec             cstackBANK0  002E
i1sprintf@sp               cstackBANK0  0031
i1sprintf@val              cstackBANK0  002F
initAdc@adc_s              cstackBANK1  00A2
initAdc@vref_neg           cstackBANK0  003B
initAdc@vref_pos           cstackBANK0  003A
initOscFreq@freq           cstackBANK1  00A0
initTmr0@prescaler         cstackBANK0  003A
interrupt_function         intentry     0004
intlevel0                  functab      0000
intlevel1                  functab      0000
intlevel2                  functab      0000
intlevel3                  functab      0000
intlevel4                  functab      0000
intlevel5                  functab      0000
percent@air_val            cstackBANK0  0024
percent@val                cstackBANK0  0020
percent@water_val          cstackBANK0  0022
reset_vec                  reset_vec    0000
saved_w                    (abs)        007E
sprintf@ap                 cstackBANK1  00B2
sprintf@c                  cstackBANK1  00B8
sprintf@f                  cstackBANK1  00AC
sprintf@flag               cstackBANK1  00B3
sprintf@prec               cstackBANK1  00B4
sprintf@sp                 cstackBANK1  00B7
sprintf@val                cstackBANK1  00B5
start                      init         0012
start_initialization       cinit        0015
uPrint@string              cstackBANK0  003A
wtemp0                     (abs)        007E


MODULE INFORMATION

Module		Function		Class		Link	Load	Size
sensor_ctrl_main.c
		_main          		CODE           	003C	0000	396
		_isr           		CODE           	039C	0000	171
		_setup         		CODE           	0F44	0000	26
		_percent       		CODE           	07D1	0000	43

sensor_ctrl_main.c estimated size: 636

osc_config.c
		_initOscFreq   		CODE           	0725	0000	63

osc_config.c estimated size: 63

USART.c
		_uPrint        		CODE           	0FDA	0000	38
		_usartInitTransmit		CODE           	0F5E	0000	26

USART.c estimated size: 64

tmr0_config.c
		_initTmr0      		CODE           	0447	0000	105
		_tmr0Reset     		CODE           	0F16	0000	6

tmr0_config.c estimated size: 111

C:\Program Files\Microchip\xc8\v2.35\pic\sources\c90\common\lwdiv.c
		___lwdiv       		CODE           	0657	0000	74

C:\Program Files\Microchip\xc8\v2.35\pic\sources\c90\common\lwdiv.c estimated size: 74

C:\Program Files\Microchip\xc8\v2.35\pic\sources\c90\common\doprnt.c
		_sprintf       		CODE           	01C8	0000	234

C:\Program Files\Microchip\xc8\v2.35\pic\sources\c90\common\doprnt.c estimated size: 234

LCD4b.c
		_Lcd_Write_String		CODE           	05B6	0000	84
		_Lcd_Init      		CODE           	055F	0000	87
		_Lcd_Write_Char		CODE           	060A	0000	77
		_Lcd_Cmd       		CODE           	0F78	0000	29
		_Lcd_Set_Cursor		CODE           	0508	0000	87
		_Lcd_Port      		CODE           	0F95	0000	32

LCD4b.c estimated size: 396

shared
		__stringtab    		STRING         	07A0	0000	16
		i1___lwdiv     		CODE           	06A1	0000	68
		_dpowers       		STRING         	07B0	0000	10
		i1___lwmod     		CODE           	0764	0000	60
		__initialization		CODE           	0015	0000	35
		i1_sprintf     		CODE           	02B2	0000	234

shared estimated size: 423

C:\Program Files\Microchip\xc8\v2.35\pic\sources\c90\common\Umul16.c
		___wmul        		CODE           	0FB5	0000	37

C:\Program Files\Microchip\xc8\v2.35\pic\sources\c90\common\Umul16.c estimated size: 37

adc_config.c
		_adcRead       		CODE           	0F24	0000	13
		_adcGo         		CODE           	0F31	0000	19
		_initAdc       		CODE           	04B0	0000	88

adc_config.c estimated size: 120

C:\Program Files\Microchip\xc8\v2.35\pic\sources\c90\common\lwmod.c
		___lwmod       		CODE           	06E5	0000	64

C:\Program Files\Microchip\xc8\v2.35\pic\sources\c90\common\lwmod.c estimated size: 64

